2026-06-20 13:02:43 +0000 [MT] Initial pipeline context: <IDEDistributionProcessingPipelineContext: 0x87fdd1200; archive(resolved)="<IDEArchive: 0x882030310>", distributionTask(resolved)="2", distributionDestination(resolved)="1", distributionMethod(resolved)="<IDEDistributionMethodDevelopmentSigned: 0x87ff11000>", team(resolved)="<IDEProvisioningBasicTeam: 0x87ff7b940; teamID='NXVT8PYC2P', teamName='(null)'>">
	Chain (14, self inclusive):
	<IDEDistributionProcessingPipelineContext: 0x87fdd1200; archive = "<IDEArchive: 0x882030310>", distributionMethod="<IDEDistributionMethodDevelopmentSigned: 0x87ff11000>", team="<IDEProvisioningBasicTeam: 0x87ff7b940; teamID='NXVT8PYC2P', teamName='(null)'>">
	<IDEDistributionProcessingPipelineContext: 0x87fdd2400; archive = "<IDEArchive: 0x882030310>", distributionMethod="<IDEDistributionMethodDevelopmentSigned: 0x87ff11000>", team="<IDEProvisioningBasicTeam: 0x87ff7b940; teamID='NXVT8PYC2P', teamName='(null)'>">
	<IDEDistributionContext: 0x87feae580; archive = "<IDEArchive: 0x882030310>", distributionMethod="<IDEDistributionMethodDevelopmentSigned: 0x87ff11000>", team="<IDEProvisioningBasicTeam: 0x87ff7b940; teamID='NXVT8PYC2P', teamName='(null)'>">
	<IDEDistributionContext: 0x87feae080; archive = "<IDEArchive: 0x882030310>", distributionMethod="<IDEDistributionMethodDevelopmentSigned: 0x87ff11000>", team="<IDEProvisioningBasicTeam: 0x87ff7b940; teamID='NXVT8PYC2P', teamName='(null)'>">
	<IDEDistributionContext: 0x87feade00; archive = "<IDEArchive: 0x882030310>", distributionMethod="<IDEDistributionMethodDevelopmentSigned: 0x87ff11000>", team="<IDEProvisioningBasicTeam: 0x87ff7b940; teamID='NXVT8PYC2P', teamName='(null)'>">
	<IDEDistributionContext: 0x87feadb80; archive = "<IDEArchive: 0x882030310>", distributionMethod="<IDEDistributionMethodDevelopmentSigned: 0x87ff11000>", team="<IDEProvisioningBasicTeam: 0x87ff7b940; teamID='NXVT8PYC2P', teamName='(null)'>">
	<IDEDistributionContext: 0x87fead900; archive = "<IDEArchive: 0x882030310>", distributionMethod="<IDEDistributionMethodDevelopmentSigned: 0x87ff11000>", team="<IDEProvisioningBasicTeam: 0x87ff7b940; teamID='NXVT8PYC2P', teamName='(null)'>">
	<IDEDistributionContext: 0x87fead680; archive = "<IDEArchive: 0x882030310>", distributionMethod="<IDEDistributionMethodDevelopmentSigned: 0x87ff11000>", team="<IDEProvisioningBasicTeam: 0x87ff7b940; teamID='NXVT8PYC2P', teamName='(null)'>">
	<IDEDistributionContext: 0x87fead400; archive = "<IDEArchive: 0x882030310>", distributionMethod="<IDEDistributionMethodDevelopmentSigned: 0x87ff11000>", team="<IDEProvisioningBasicTeam: 0x87ff7b940; teamID='NXVT8PYC2P', teamName='(null)'>">
	<IDEDistributionContext: 0x87fead180; archive = "<IDEArchive: 0x882030310>", distributionMethod="<IDEDistributionMethodDevelopmentSigned: 0x87ff11000>", team="(null)">
	<IDEDistributionContext: 0x87feacf00; archive = "<IDEArchive: 0x882030310>", distributionMethod="<IDEDistributionMethodDevelopmentSigned: 0x87ff11000>", team="(null)">
	<IDEDistributionContext: 0x87feacc80; archive = "<IDEArchive: 0x882030310>", distributionMethod="<IDEDistributionMethodDevelopmentSigned: 0x87ff11000>", team="(null)">
	<IDEDistributionContext: 0x87feac000; archive = "<IDEArchive: 0x882030310>", distributionMethod="<IDEDistributionMethodDevelopmentSigned: 0x87ff11000>", team="(null)">
	<IDEDistributionContext: 0x1049a4710; archive = "<IDEArchive: 0x882030310>", distributionMethod="(null)", team="(null)">
</IDEDistributionProcessingPipelineContext: 0x87fdd1200>
2026-06-20 13:02:43 +0000 [MT] Processing step: IDEDistributionCreateDestRootStep
2026-06-20 13:02:43 +0000 [MT] Processing step: IDEDistributionCopyItemStep
2026-06-20 13:02:43 +0000 [MT] Running /usr/bin/ditto '-V' '/Users/mariobarisa/Library/Developer/Xcode/Archives/2026-06-20/Gamenote 20.06.2026., 14.52.xcarchive/Products/Applications/Gamenote.app' '/var/folders/xg/0l5djnz91jddxmgb_mw99y1m0000gn/T/XcodeDistPipeline.~~~zJM8A7/Root/Payload/Gamenote.app'
2026-06-20 13:02:43 +0000  >>> Copying /Users/mariobarisa/Library/Developer/Xcode/Archives/2026-06-20/Gamenote 20.06.2026., 14.52.xcarchive/Products/Applications/Gamenote.app 
2026-06-20 13:02:43 +0000  copying file ./_CodeSignature/CodeResources ... 
2026-06-20 13:02:43 +0000  28059 bytes for ./_CodeSignature/CodeResources
2026-06-20 13:02:43 +0000  copying file ./SplashScreen.storyboardc/EXPO-VIEWCONTROLLER-1-view-EXPO-ContainerView.nib ... 
2026-06-20 13:02:43 +0000  2024 bytes for ./SplashScreen.storyboardc/EXPO-VIEWCONTROLLER-1-view-EXPO-ContainerView.nib
2026-06-20 13:02:43 +0000  copying file ./SplashScreen.storyboardc/SplashScreenViewController.nib ... 
2026-06-20 13:02:43 +0000  1004 bytes for ./SplashScreen.storyboardc/SplashScreenViewController.nib
2026-06-20 13:02:43 +0000  copying file ./SplashScreen.storyboardc/Info.plist ... 
2026-06-20 13:02:43 +0000  225 bytes for ./SplashScreen.storyboardc/Info.plist
2026-06-20 13:02:43 +0000  copying file ./ExpoSystemUI_privacy.bundle/PrivacyInfo.xcprivacy ... 
2026-06-20 13:02:43 +0000  607 bytes for ./ExpoSystemUI_privacy.bundle/PrivacyInfo.xcprivacy
2026-06-20 13:02:43 +0000  copying file ./ExpoSystemUI_privacy.bundle/Info.plist ... 
2026-06-20 13:02:43 +0000  785 bytes for ./ExpoSystemUI_privacy.bundle/Info.plist
2026-06-20 13:02:43 +0000  copying file ./ExpoLocalization_privacy.bundle/PrivacyInfo.xcprivacy ... 
2026-06-20 13:02:43 +0000  607 bytes for ./ExpoLocalization_privacy.bundle/PrivacyInfo.xcprivacy
2026-06-20 13:02:43 +0000  copying file ./ExpoLocalization_privacy.bundle/Info.plist ... 
2026-06-20 13:02:43 +0000  794 bytes for ./ExpoLocalization_privacy.bundle/Info.plist
2026-06-20 13:02:43 +0000  copying file ./ExpoConstants_privacy.bundle/PrivacyInfo.xcprivacy ... 
2026-06-20 13:02:43 +0000  607 bytes for ./ExpoConstants_privacy.bundle/PrivacyInfo.xcprivacy
2026-06-20 13:02:43 +0000  copying file ./ExpoConstants_privacy.bundle/Info.plist ... 
2026-06-20 13:02:43 +0000  789 bytes for ./ExpoConstants_privacy.bundle/Info.plist
2026-06-20 13:02:43 +0000  copying file ./React-cxxreact_privacy.bundle/PrivacyInfo.xcprivacy ... 
2026-06-20 13:02:43 +0000  552 bytes for ./React-cxxreact_privacy.bundle/PrivacyInfo.xcprivacy
2026-06-20 13:02:43 +0000  copying file ./React-cxxreact_privacy.bundle/Info.plist ... 
2026-06-20 13:02:43 +0000  790 bytes for ./React-cxxreact_privacy.bundle/Info.plist
2026-06-20 13:02:43 +0000  copying file ./Gamenote ... 
2026-06-20 13:02:43 +0000  5752848 bytes for ./Gamenote
2026-06-20 13:02:43 +0000  copying file ./Assets.car ... 
2026-06-20 13:02:43 +0000  5437784 bytes for ./Assets.car
2026-06-20 13:02:43 +0000  copying file ./main.jsbundle ... 
2026-06-20 13:02:43 +0000  3955316 bytes for ./main.jsbundle
2026-06-20 13:02:43 +0000  copying file ./EXConstants.bundle/app.config ... 
2026-06-20 13:02:43 +0000  3212 bytes for ./EXConstants.bundle/app.config
2026-06-20 13:02:43 +0000  copying file ./EXConstants.bundle/Info.plist ... 
2026-06-20 13:02:43 +0000  767 bytes for ./EXConstants.bundle/Info.plist
2026-06-20 13:02:43 +0000  copying file ./SDWebImage.bundle/PrivacyInfo.xcprivacy ... 
2026-06-20 13:02:43 +0000  599 bytes for ./SDWebImage.bundle/PrivacyInfo.xcprivacy
2026-06-20 13:02:43 +0000  copying file ./SDWebImage.bundle/Info.plist ... 
2026-06-20 13:02:43 +0000  763 bytes for ./SDWebImage.bundle/Info.plist
2026-06-20 13:02:43 +0000  copying file ./PrivacyInfo.xcprivacy ... 
2026-06-20 13:02:43 +0000  1283 bytes for ./PrivacyInfo.xcprivacy
2026-06-20 13:02:43 +0000  copying file ./ExpoFileSystem_privacy.bundle/PrivacyInfo.xcprivacy ... 
2026-06-20 13:02:43 +0000  877 bytes for ./ExpoFileSystem_privacy.bundle/PrivacyInfo.xcprivacy
2026-06-20 13:02:43 +0000  copying file ./ExpoFileSystem_privacy.bundle/Info.plist ... 
2026-06-20 13:02:43 +0000  791 bytes for ./ExpoFileSystem_privacy.bundle/Info.plist
2026-06-20 13:02:43 +0000  copying file ./Frameworks/React.framework/_CodeSignature/CodeResources ... 
2026-06-20 13:02:43 +0000  1798 bytes for ./Frameworks/React.framework/_CodeSignature/CodeResources
2026-06-20 13:02:43 +0000  copying file ./Frameworks/React.framework/React ... 
2026-06-20 13:02:43 +0000  11372576 bytes for ./Frameworks/React.framework/React
2026-06-20 13:02:43 +0000  copying file ./Frameworks/React.framework/Info.plist ... 
2026-06-20 13:02:43 +0000  749 bytes for ./Frameworks/React.framework/Info.plist
2026-06-20 13:02:43 +0000  copying file ./Frameworks/ReactNativeDependencies.framework/_CodeSignature/CodeResources ... 
2026-06-20 13:02:43 +0000  3548 bytes for ./Frameworks/ReactNativeDependencies.framework/_CodeSignature/CodeResources
2026-06-20 13:02:43 +0000  copying file ./Frameworks/ReactNativeDependencies.framework/ReactNativeDependencies_folly.bundle/PrivacyInfo.xcprivacy ... 
2026-06-20 13:02:43 +0000  552 bytes for ./Frameworks/ReactNativeDependencies.framework/ReactNativeDependencies_folly.bundle/PrivacyInfo.xcprivacy
2026-06-20 13:02:43 +0000  copying file ./Frameworks/ReactNativeDependencies.framework/ReactNativeDependencies_folly.bundle/Info.plist ... 
2026-06-20 13:02:43 +0000  690 bytes for ./Frameworks/ReactNativeDependencies.framework/ReactNativeDependencies_folly.bundle/Info.plist
2026-06-20 13:02:43 +0000  copying file ./Frameworks/ReactNativeDependencies.framework/ReactNativeDependencies ... 
2026-06-20 13:02:43 +0000  1287280 bytes for ./Frameworks/ReactNativeDependencies.framework/ReactNativeDependencies
2026-06-20 13:02:43 +0000  copying file ./Frameworks/ReactNativeDependencies.framework/ReactNativeDependencies_glog.bundle/PrivacyInfo.xcprivacy ... 
2026-06-20 13:02:43 +0000  552 bytes for ./Frameworks/ReactNativeDependencies.framework/ReactNativeDependencies_glog.bundle/PrivacyInfo.xcprivacy
2026-06-20 13:02:43 +0000  copying file ./Frameworks/ReactNativeDependencies.framework/ReactNativeDependencies_glog.bundle/Info.plist ... 
2026-06-20 13:02:43 +0000  688 bytes for ./Frameworks/ReactNativeDependencies.framework/ReactNativeDependencies_glog.bundle/Info.plist
2026-06-20 13:02:43 +0000  copying file ./Frameworks/ReactNativeDependencies.framework/ReactNativeDependencies_boost.bundle/PrivacyInfo.xcprivacy ... 
2026-06-20 13:02:43 +0000  776 bytes for ./Frameworks/ReactNativeDependencies.framework/ReactNativeDependencies_boost.bundle/PrivacyInfo.xcprivacy
2026-06-20 13:02:43 +0000  copying file ./Frameworks/ReactNativeDependencies.framework/ReactNativeDependencies_boost.bundle/Info.plist ... 
2026-06-20 13:02:43 +0000  690 bytes for ./Frameworks/ReactNativeDependencies.framework/ReactNativeDependencies_boost.bundle/Info.plist
2026-06-20 13:02:43 +0000  copying file ./Frameworks/ReactNativeDependencies.framework/Info.plist ... 
2026-06-20 13:02:43 +0000  782 bytes for ./Frameworks/ReactNativeDependencies.framework/Info.plist
2026-06-20 13:02:43 +0000  copying file ./Frameworks/hermes.framework/_CodeSignature/CodeResources ... 
2026-06-20 13:02:43 +0000  1798 bytes for ./Frameworks/hermes.framework/_CodeSignature/CodeResources
2026-06-20 13:02:43 +0000  copying file ./Frameworks/hermes.framework/hermes ... 
2026-06-20 13:02:43 +0000  4755616 bytes for ./Frameworks/hermes.framework/hermes
2026-06-20 13:02:43 +0000  copying file ./Frameworks/hermes.framework/Info.plist ... 
2026-06-20 13:02:43 +0000  859 bytes for ./Frameworks/hermes.framework/Info.plist
2026-06-20 13:02:43 +0000  copying file ./embedded.mobileprovision ... 
2026-06-20 13:02:43 +0000  16334 bytes for ./embedded.mobileprovision
2026-06-20 13:02:43 +0000  copying file ./assets/node_modules/@react-navigation/elements/lib/module/assets/back-icon@3x.png ... 
2026-06-20 13:02:43 +0000  761 bytes for ./assets/node_modules/@react-navigation/elements/lib/module/assets/back-icon@3x.png
2026-06-20 13:02:43 +0000  copying file ./assets/node_modules/@react-navigation/elements/lib/module/assets/back-icon@2x.png ... 
2026-06-20 13:02:43 +0000  405 bytes for ./assets/node_modules/@react-navigation/elements/lib/module/assets/back-icon@2x.png
2026-06-20 13:02:43 +0000  copying file ./assets/node_modules/@react-navigation/elements/lib/module/assets/search-icon@2x.png ... 
2026-06-20 13:02:43 +0000  589 bytes for ./assets/node_modules/@react-navigation/elements/lib/module/assets/search-icon@2x.png
2026-06-20 13:02:43 +0000  copying file ./assets/node_modules/@react-navigation/elements/lib/module/assets/clear-icon@3x.png ... 
2026-06-20 13:02:43 +0000  502 bytes for ./assets/node_modules/@react-navigation/elements/lib/module/assets/clear-icon@3x.png
2026-06-20 13:02:43 +0000  copying file ./assets/node_modules/@react-navigation/elements/lib/module/assets/back-icon.png ... 
2026-06-20 13:02:43 +0000  290 bytes for ./assets/node_modules/@react-navigation/elements/lib/module/assets/back-icon.png
2026-06-20 13:02:43 +0000  copying file ./assets/node_modules/@react-navigation/elements/lib/module/assets/clear-icon@2x.png ... 
2026-06-20 13:02:43 +0000  334 bytes for ./assets/node_modules/@react-navigation/elements/lib/module/assets/clear-icon@2x.png
2026-06-20 13:02:43 +0000  copying file ./assets/node_modules/@react-navigation/elements/lib/module/assets/search-icon@3x.png ... 
2026-06-20 13:02:43 +0000  839 bytes for ./assets/node_modules/@react-navigation/elements/lib/module/assets/search-icon@3x.png
2026-06-20 13:02:43 +0000  copying file ./assets/node_modules/@react-navigation/elements/lib/module/assets/close-icon.png ... 
2026-06-20 13:02:43 +0000  141 bytes for ./assets/node_modules/@react-navigation/elements/lib/module/assets/close-icon.png
2026-06-20 13:02:43 +0000  copying file ./assets/node_modules/@react-navigation/elements/lib/module/assets/back-icon-mask.png ... 
2026-06-20 13:02:43 +0000  653 bytes for ./assets/node_modules/@react-navigation/elements/lib/module/assets/back-icon-mask.png
2026-06-20 13:02:43 +0000  copying file ./assets/node_modules/@react-navigation/elements/lib/module/assets/close-icon@2x.png ... 
2026-06-20 13:02:43 +0000  201 bytes for ./assets/node_modules/@react-navigation/elements/lib/module/assets/close-icon@2x.png
2026-06-20 13:02:43 +0000  copying file ./assets/node_modules/@react-navigation/elements/lib/module/assets/close-icon@3x.png ... 
2026-06-20 13:02:43 +0000  266 bytes for ./assets/node_modules/@react-navigation/elements/lib/module/assets/close-icon@3x.png
2026-06-20 13:02:43 +0000  copying file ./assets/node_modules/@react-navigation/elements/lib/module/assets/clear-icon.png ... 
2026-06-20 13:02:43 +0000  220 bytes for ./assets/node_modules/@react-navigation/elements/lib/module/assets/clear-icon.png
2026-06-20 13:02:43 +0000  copying file ./assets/node_modules/@react-navigation/elements/lib/module/assets/search-icon.png ... 
2026-06-20 13:02:43 +0000  317 bytes for ./assets/node_modules/@react-navigation/elements/lib/module/assets/search-icon.png
2026-06-20 13:02:43 +0000  copying file ./assets/node_modules/@expo/vector-icons/build/vendor/react-native-vector-icons/Fonts/Fontisto.ttf ... 
2026-06-20 13:02:43 +0000  313528 bytes for ./assets/node_modules/@expo/vector-icons/build/vendor/react-native-vector-icons/Fonts/Fontisto.ttf
2026-06-20 13:02:43 +0000  copying file ./assets/node_modules/@expo/vector-icons/build/vendor/react-native-vector-icons/Fonts/Octicons.ttf ... 
2026-06-20 13:02:43 +0000  69436 bytes for ./assets/node_modules/@expo/vector-icons/build/vendor/react-native-vector-icons/Fonts/Octicons.ttf
2026-06-20 13:02:43 +0000  copying file ./assets/node_modules/@expo/vector-icons/build/vendor/react-native-vector-icons/Fonts/Feather.ttf ... 
2026-06-20 13:02:43 +0000  55596 bytes for ./assets/node_modules/@expo/vector-icons/build/vendor/react-native-vector-icons/Fonts/Feather.ttf
2026-06-20 13:02:43 +0000  copying file ./assets/node_modules/@expo/vector-icons/build/vendor/react-native-vector-icons/Fonts/FontAwesome6_Regular.ttf ... 
2026-06-20 13:02:43 +0000  67976 bytes for ./assets/node_modules/@expo/vector-icons/build/vendor/react-native-vector-icons/Fonts/FontAwesome6_Regular.ttf
2026-06-20 13:02:43 +0000  copying file ./assets/node_modules/@expo/vector-icons/build/vendor/react-native-vector-icons/Fonts/Entypo.ttf ... 
2026-06-20 13:02:43 +0000  66200 bytes for ./assets/node_modules/@expo/vector-icons/build/vendor/react-native-vector-icons/Fonts/Entypo.ttf
2026-06-20 13:02:43 +0000  copying file ./assets/node_modules/@expo/vector-icons/build/vendor/react-native-vector-icons/Fonts/FontAwesome5_Brands.ttf ... 
2026-06-20 13:02:43 +0000  134040 bytes for ./assets/node_modules/@expo/vector-icons/build/vendor/react-native-vector-icons/Fonts/FontAwesome5_Brands.ttf
2026-06-20 13:02:43 +0000  copying file ./assets/node_modules/@expo/vector-icons/build/vendor/react-native-vector-icons/Fonts/MaterialCommunityIcons.ttf ... 
2026-06-20 13:02:43 +0000  1307660 bytes for ./assets/node_modules/@expo/vector-icons/build/vendor/react-native-vector-icons/Fonts/MaterialCommunityIcons.ttf
2026-06-20 13:02:43 +0000  copying file ./assets/node_modules/@expo/vector-icons/build/vendor/react-native-vector-icons/Fonts/AntDesign.ttf ... 
2026-06-20 13:02:43 +0000  130484 bytes for ./assets/node_modules/@expo/vector-icons/build/vendor/react-native-vector-icons/Fonts/AntDesign.ttf
2026-06-20 13:02:43 +0000  copying file ./assets/node_modules/@expo/vector-icons/build/vendor/react-native-vector-icons/Fonts/Foundation.ttf ... 
2026-06-20 13:02:43 +0000  56976 bytes for ./assets/node_modules/@expo/vector-icons/build/vendor/react-native-vector-icons/Fonts/Foundation.ttf
2026-06-20 13:02:43 +0000  copying file ./assets/node_modules/@expo/vector-icons/build/vendor/react-native-vector-icons/Fonts/Ionicons.ttf ... 
2026-06-20 13:02:43 +0000  389724 bytes for ./assets/node_modules/@expo/vector-icons/build/vendor/react-native-vector-icons/Fonts/Ionicons.ttf
2026-06-20 13:02:43 +0000  copying file ./assets/node_modules/@expo/vector-icons/build/vendor/react-native-vector-icons/Fonts/FontAwesome5_Solid.ttf ... 
2026-06-20 13:02:43 +0000  202744 bytes for ./assets/node_modules/@expo/vector-icons/build/vendor/react-native-vector-icons/Fonts/FontAwesome5_Solid.ttf
2026-06-20 13:02:43 +0000  copying file ./assets/node_modules/@expo/vector-icons/build/vendor/react-native-vector-icons/Fonts/FontAwesome5_Regular.ttf ... 
2026-06-20 13:02:43 +0000  33736 bytes for ./assets/node_modules/@expo/vector-icons/build/vendor/react-native-vector-icons/Fonts/FontAwesome5_Regular.ttf
2026-06-20 13:02:43 +0000  copying file ./assets/node_modules/@expo/vector-icons/build/vendor/react-native-vector-icons/Fonts/FontAwesome.ttf ... 
2026-06-20 13:02:43 +0000  165548 bytes for ./assets/node_modules/@expo/vector-icons/build/vendor/react-native-vector-icons/Fonts/FontAwesome.ttf
2026-06-20 13:02:43 +0000  copying file ./assets/node_modules/@expo/vector-icons/build/vendor/react-native-vector-icons/Fonts/Zocial.ttf ... 
2026-06-20 13:02:43 +0000  25788 bytes for ./assets/node_modules/@expo/vector-icons/build/vendor/react-native-vector-icons/Fonts/Zocial.ttf
2026-06-20 13:02:43 +0000  copying file ./assets/node_modules/@expo/vector-icons/build/vendor/react-native-vector-icons/Fonts/EvilIcons.ttf ... 
2026-06-20 13:02:43 +0000  13456 bytes for ./assets/node_modules/@expo/vector-icons/build/vendor/react-native-vector-icons/Fonts/EvilIcons.ttf
2026-06-20 13:02:43 +0000  copying file ./assets/node_modules/@expo/vector-icons/build/vendor/react-native-vector-icons/Fonts/FontAwesome6_Solid.ttf ... 
2026-06-20 13:02:43 +0000  423676 bytes for ./assets/node_modules/@expo/vector-icons/build/vendor/react-native-vector-icons/Fonts/FontAwesome6_Solid.ttf
2026-06-20 13:02:43 +0000  copying file ./assets/node_modules/@expo/vector-icons/build/vendor/react-native-vector-icons/Fonts/SimpleLineIcons.ttf ... 
2026-06-20 13:02:43 +0000  54056 bytes for ./assets/node_modules/@expo/vector-icons/build/vendor/react-native-vector-icons/Fonts/SimpleLineIcons.ttf
2026-06-20 13:02:43 +0000  copying file ./assets/node_modules/@expo/vector-icons/build/vendor/react-native-vector-icons/Fonts/FontAwesome6_Brands.ttf ... 
2026-06-20 13:02:43 +0000  209376 bytes for ./assets/node_modules/@expo/vector-icons/build/vendor/react-native-vector-icons/Fonts/FontAwesome6_Brands.ttf
2026-06-20 13:02:43 +0000  copying file ./assets/node_modules/@expo/vector-icons/build/vendor/react-native-vector-icons/Fonts/MaterialIcons.ttf ... 
2026-06-20 13:02:43 +0000  356840 bytes for ./assets/node_modules/@expo/vector-icons/build/vendor/react-native-vector-icons/Fonts/MaterialIcons.ttf
2026-06-20 13:02:43 +0000  copying file ./assets/node_modules/expo-router/assets/pkg.png ... 
2026-06-20 13:02:43 +0000  364 bytes for ./assets/node_modules/expo-router/assets/pkg.png
2026-06-20 13:02:43 +0000  copying file ./assets/node_modules/expo-router/assets/unmatched.png ... 
2026-06-20 13:02:43 +0000  4752 bytes for ./assets/node_modules/expo-router/assets/unmatched.png
2026-06-20 13:02:43 +0000  copying file ./assets/node_modules/expo-router/assets/file.png ... 
2026-06-20 13:02:43 +0000  138 bytes for ./assets/node_modules/expo-router/assets/file.png
2026-06-20 13:02:43 +0000  copying file ./assets/node_modules/expo-router/assets/forward.png ... 
2026-06-20 13:02:43 +0000  188 bytes for ./assets/node_modules/expo-router/assets/forward.png
2026-06-20 13:02:43 +0000  copying file ./assets/node_modules/expo-router/assets/error.png ... 
2026-06-20 13:02:43 +0000  469 bytes for ./assets/node_modules/expo-router/assets/error.png
2026-06-20 13:02:43 +0000  copying file ./assets/node_modules/expo-router/assets/sitemap.png ... 
2026-06-20 13:02:43 +0000  465 bytes for ./assets/node_modules/expo-router/assets/sitemap.png
2026-06-20 13:02:43 +0000  copying file ./assets/node_modules/expo-router/assets/arrow_down.png ... 
2026-06-20 13:02:43 +0000  9456 bytes for ./assets/node_modules/expo-router/assets/arrow_down.png
2026-06-20 13:02:43 +0000  copying file ./assets/assets/gamenote/banners/GamenoteBannerDarkMode.png ... 
2026-06-20 13:02:43 +0000  60428 bytes for ./assets/assets/gamenote/banners/GamenoteBannerDarkMode.png
2026-06-20 13:02:43 +0000  copying file ./assets/assets/gamenote/banners/GamenoteBannerLightMode.png ... 
2026-06-20 13:02:43 +0000  58730 bytes for ./assets/assets/gamenote/banners/GamenoteBannerLightMode.png
2026-06-20 13:02:43 +0000  copying file ./Info.plist ... 
2026-06-20 13:02:43 +0000  2050 bytes for ./Info.plist
2026-06-20 13:02:43 +0000  copying file ./Expo.plist ... 
2026-06-20 13:02:43 +0000  132 bytes for ./Expo.plist
2026-06-20 13:02:43 +0000  copying file ./RNCAsyncStorage_resources.bundle/PrivacyInfo.xcprivacy ... 
2026-06-20 13:02:43 +0000  512 bytes for ./RNCAsyncStorage_resources.bundle/PrivacyInfo.xcprivacy
2026-06-20 13:02:43 +0000  copying file ./RNCAsyncStorage_resources.bundle/Info.plist ... 
2026-06-20 13:02:43 +0000  795 bytes for ./RNCAsyncStorage_resources.bundle/Info.plist
2026-06-20 13:02:43 +0000  copying file ./PkgInfo ... 
2026-06-20 13:02:43 +0000  8 bytes for ./PkgInfo
2026-06-20 13:02:43 +0000  copying file ./React-Core_privacy.bundle/PrivacyInfo.xcprivacy ... 
2026-06-20 13:02:43 +0000  768 bytes for ./React-Core_privacy.bundle/PrivacyInfo.xcprivacy
2026-06-20 13:02:43 +0000  copying file ./React-Core_privacy.bundle/Info.plist ... 
2026-06-20 13:02:43 +0000  782 bytes for ./React-Core_privacy.bundle/Info.plist
2026-06-20 13:02:43 +0000 [MT] /usr/bin/ditto exited with 0
2026-06-20 13:02:43 +0000 [MT] Processing step: IDEDistributionEmbedProfileStep
2026-06-20 13:02:43 +0000 [MT] Skipping profile for item: <IDEDistributionItem: 0x88215d680; bundleID='react-native.React', path='<DVTFilePath:0x882134600:'/Users/mariobarisa/Library/Developer/Xcode/Archives/2026-06-20/Gamenote 20.06.2026., 14.52.xcarchive/Products/Applications/Gamenote.app/Frameworks/React.framework'>', codeSigningInfo='<_DVTCodeSigningInformation_Path: 0x88215d6e0; isSigned='1', isAdHocSigned='0', signingCertificate='<DVTSigningCertificate: 0x882458000; name='Apple Development: mario@barisa.me (5M5N3627V2)', hash='6FC558BA722D65605B3A53EF167D9890E2111E09', serialNumber='77FF3BEB5A130CED75339093A6C51DEF', certificateKinds='(
    "1.2.840.113635.100.6.1.12",
    "1.2.840.113635.100.6.1.2"
), issueDate='2026-06-13 14:10:33 +0000''>', entitlements='(null)', teamID='NXVT8PYC2P', identifier='react-native.React', executablePath='<DVTFilePath:0x882134900:'/Users/mariobarisa/Library/Developer/Xcode/Archives/2026-06-20/Gamenote 20.06.2026., 14.52.xcarchive/Products/Applications/Gamenote.app/Frameworks/React.framework/React'>', hardenedRuntime='0'>'>
2026-06-20 13:02:43 +0000 [MT] Skipping profile for item: <IDEDistributionItem: 0x88215d560; bundleID='third-party.ReactNativeDependencies', path='<DVTFilePath:0x87ff0a980:'/Users/mariobarisa/Library/Developer/Xcode/Archives/2026-06-20/Gamenote 20.06.2026., 14.52.xcarchive/Products/Applications/Gamenote.app/Frameworks/ReactNativeDependencies.framework'>', codeSigningInfo='<_DVTCodeSigningInformation_Path: 0x88215d1a0; isSigned='1', isAdHocSigned='0', signingCertificate='<DVTSigningCertificate: 0x882458000; name='Apple Development: mario@barisa.me (5M5N3627V2)', hash='6FC558BA722D65605B3A53EF167D9890E2111E09', serialNumber='77FF3BEB5A130CED75339093A6C51DEF', certificateKinds='(
    "1.2.840.113635.100.6.1.12",
    "1.2.840.113635.100.6.1.2"
), issueDate='2026-06-13 14:10:33 +0000''>', entitlements='(null)', teamID='NXVT8PYC2P', identifier='third-party.ReactNativeDependencies', executablePath='<DVTFilePath:0x882031810:'/Users/mariobarisa/Library/Developer/Xcode/Archives/2026-06-20/Gamenote 20.06.2026., 14.52.xcarchive/Products/Applications/Gamenote.app/Frameworks/ReactNativeDependencies.framework/ReactNativeDependencies'>', hardenedRuntime='0'>'>
2026-06-20 13:02:43 +0000 [MT] Skipping profile for item: <IDEDistributionItem: 0x88215d5c0; bundleID='dev.hermesengine.iphoneos', path='<DVTFilePath:0x882031960:'/Users/mariobarisa/Library/Developer/Xcode/Archives/2026-06-20/Gamenote 20.06.2026., 14.52.xcarchive/Products/Applications/Gamenote.app/Frameworks/hermes.framework'>', codeSigningInfo='<_DVTCodeSigningInformation_Path: 0x88215d620; isSigned='1', isAdHocSigned='0', signingCertificate='<DVTSigningCertificate: 0x882458000; name='Apple Development: mario@barisa.me (5M5N3627V2)', hash='6FC558BA722D65605B3A53EF167D9890E2111E09', serialNumber='77FF3BEB5A130CED75339093A6C51DEF', certificateKinds='(
    "1.2.840.113635.100.6.1.12",
    "1.2.840.113635.100.6.1.2"
), issueDate='2026-06-13 14:10:33 +0000''>', entitlements='(null)', teamID='NXVT8PYC2P', identifier='dev.hermesengine.iphoneos', executablePath='<DVTFilePath:0x882135620:'/Users/mariobarisa/Library/Developer/Xcode/Archives/2026-06-20/Gamenote 20.06.2026., 14.52.xcarchive/Products/Applications/Gamenote.app/Frameworks/hermes.framework/hermes'>', hardenedRuntime='0'>'>
2026-06-20 13:02:43 +0000 [MT] Processing step: IDEDistributionInfoPlistStep
2026-06-20 13:02:43 +0000 [MT] Skipping step: IDEDistributionInfoPlistStep because it said so
2026-06-20 13:02:43 +0000 [MT] Skipping step: IDEDistributionInfoPlistStep because it said so
2026-06-20 13:02:43 +0000 [MT] Skipping step: IDEDistributionInfoPlistStep because it said so
2026-06-20 13:02:43 +0000 [MT] Skipping step: IDEDistributionInfoPlistStep because it said so
2026-06-20 13:02:43 +0000 [MT] Processing step: IDEDistributionAppThinningPlistStep
2026-06-20 13:02:43 +0000 [MT] Skipping step: IDEDistributionAppThinningPlistStep because it said so
2026-06-20 13:02:43 +0000 [MT] Processing step: IDEDistributionSymbolsStep
2026-06-20 13:02:43 +0000 [MT] Skipping step: IDEDistributionSymbolsStep because it said so
2026-06-20 13:02:43 +0000 [MT] Processing step: IDEDistributionAppThinningStep
2026-06-20 13:02:43 +0000 [MT] Skipping step: IDEDistributionAppThinningStep because it said so
2026-06-20 13:02:43 +0000 [MT] Processing step: IDEDistributionArchThinningStep
2026-06-20 13:02:43 +0000 [MT] Archs to thin for item /Users/mariobarisa/Library/Developer/Xcode/Archives/2026-06-20/Gamenote 20.06.2026., 14.52.xcarchive/Products/Applications/Gamenote.app/Frameworks/React.framework are []
2026-06-20 13:02:43 +0000 [MT] Archs to thin for item /Users/mariobarisa/Library/Developer/Xcode/Archives/2026-06-20/Gamenote 20.06.2026., 14.52.xcarchive/Products/Applications/Gamenote.app/Frameworks/ReactNativeDependencies.framework are []
2026-06-20 13:02:43 +0000 [MT] Archs to thin for item /Users/mariobarisa/Library/Developer/Xcode/Archives/2026-06-20/Gamenote 20.06.2026., 14.52.xcarchive/Products/Applications/Gamenote.app/Frameworks/hermes.framework are []
2026-06-20 13:02:43 +0000 [MT] Archs to thin for item /Users/mariobarisa/Library/Developer/Xcode/Archives/2026-06-20/Gamenote 20.06.2026., 14.52.xcarchive/Products/Applications/Gamenote.app are []
2026-06-20 13:02:43 +0000 [MT] Processing step: IDEDistributionODRStep
2026-06-20 13:02:43 +0000 [MT] Processing step: IDEDistributionStripXattrsStep
2026-06-20 13:02:43 +0000 [MT] Skipping stripping extended attributes because the codesign step will strip them.
2026-06-20 13:02:43 +0000 [MT] Skipping stripping extended attributes because the codesign step will strip them.
2026-06-20 13:02:43 +0000 [MT] Skipping stripping extended attributes because the codesign step will strip them.
2026-06-20 13:02:43 +0000 [MT] Skipping stripping extended attributes because the codesign step will strip them.
2026-06-20 13:02:43 +0000 [MT] Processing step: IDEDistributionCodesignStep
2026-06-20 13:02:43 +0000 [MT] Entitlements for <IDEDistributionItem: 0x88215d680; bundleID='react-native.React', path='<DVTFilePath:0x882134600:'/Users/mariobarisa/Library/Developer/Xcode/Archives/2026-06-20/Gamenote 20.06.2026., 14.52.xcarchive/Products/Applications/Gamenote.app/Frameworks/React.framework'>', codeSigningInfo='<_DVTCodeSigningInformation_Path: 0x88215d6e0; isSigned='1', isAdHocSigned='0', signingCertificate='<DVTSigningCertificate: 0x882458000; name='Apple Development: mario@barisa.me (5M5N3627V2)', hash='6FC558BA722D65605B3A53EF167D9890E2111E09', serialNumber='77FF3BEB5A130CED75339093A6C51DEF', certificateKinds='(
    "1.2.840.113635.100.6.1.12",
    "1.2.840.113635.100.6.1.2"
), issueDate='2026-06-13 14:10:33 +0000''>', entitlements='(null)', teamID='NXVT8PYC2P', identifier='react-native.React', executablePath='<DVTFilePath:0x882134900:'/Users/mariobarisa/Library/Developer/Xcode/Archives/2026-06-20/Gamenote 20.06.2026., 14.52.xcarchive/Products/Applications/Gamenote.app/Frameworks/React.framework/React'>', hardenedRuntime='0'>'>: {
}
2026-06-20 13:02:43 +0000 [MT] Associated App Clip Identifiers Filter: Skipping because "com.apple.developer.associated-appclip-app-identifiers" is not present
2026-06-20 13:02:43 +0000 [MT] Entitlements for <IDEDistributionItem: 0x88215d680; bundleID='react-native.React', path='<DVTFilePath:0x882134600:'/Users/mariobarisa/Library/Developer/Xcode/Archives/2026-06-20/Gamenote 20.06.2026., 14.52.xcarchive/Products/Applications/Gamenote.app/Frameworks/React.framework'>', codeSigningInfo='<_DVTCodeSigningInformation_Path: 0x88215d6e0; isSigned='1', isAdHocSigned='0', signingCertificate='<DVTSigningCertificate: 0x882459140; name='Apple Development: mario@barisa.me (5M5N3627V2)', hash='6FC558BA722D65605B3A53EF167D9890E2111E09', serialNumber='77FF3BEB5A130CED75339093A6C51DEF', certificateKinds='(
    "1.2.840.113635.100.6.1.12",
    "1.2.840.113635.100.6.1.2"
), issueDate='2026-06-13 14:10:33 +0000''>', entitlements='(null)', teamID='NXVT8PYC2P', identifier='react-native.React', executablePath='<DVTFilePath:0x882134900:'/Users/mariobarisa/Library/Developer/Xcode/Archives/2026-06-20/Gamenote 20.06.2026., 14.52.xcarchive/Products/Applications/Gamenote.app/Frameworks/React.framework/React'>', hardenedRuntime='0'>'> are: {
}
2026-06-20 13:02:43 +0000 [MT] Writing entitlements for <IDEDistributionItem: 0x88215d680; bundleID='react-native.React', path='<DVTFilePath:0x882134600:'/Users/mariobarisa/Library/Developer/Xcode/Archives/2026-06-20/Gamenote 20.06.2026., 14.52.xcarchive/Products/Applications/Gamenote.app/Frameworks/React.framework'>', codeSigningInfo='<_DVTCodeSigningInformation_Path: 0x88215d6e0; isSigned='1', isAdHocSigned='0', signingCertificate='<DVTSigningCertificate: 0x882459140; name='Apple Development: mario@barisa.me (5M5N3627V2)', hash='6FC558BA722D65605B3A53EF167D9890E2111E09', serialNumber='77FF3BEB5A130CED75339093A6C51DEF', certificateKinds='(
    "1.2.840.113635.100.6.1.12",
    "1.2.840.113635.100.6.1.2"
), issueDate='2026-06-13 14:10:33 +0000''>', entitlements='(null)', teamID='NXVT8PYC2P', identifier='react-native.React', executablePath='<DVTFilePath:0x882134900:'/Users/mariobarisa/Library/Developer/Xcode/Archives/2026-06-20/Gamenote 20.06.2026., 14.52.xcarchive/Products/Applications/Gamenote.app/Frameworks/React.framework/React'>', hardenedRuntime='0'>'> to: /var/folders/xg/0l5djnz91jddxmgb_mw99y1m0000gn/T/XcodeDistPipeline.~~~zJM8A7/entitlements~~~enXwh5
2026-06-20 13:02:43 +0000 [MT] invoking codesign: <NSConcreteTask: 0x882466260; launchPath='/usr/bin/codesign', arguments='(
    "-f",
    "-s",
    6FC558BA722D65605B3A53EF167D9890E2111E09,
    "--entitlements",
    "/var/folders/xg/0l5djnz91jddxmgb_mw99y1m0000gn/T/XcodeDistPipeline.~~~zJM8A7/entitlements~~~enXwh5",
    "--preserve-metadata=identifier,flags,runtime,launch-constraints,library-constraints",
    "--generate-entitlement-der",
    "--strip-disallowed-xattrs",
    "-vvv",
    "/var/folders/xg/0l5djnz91jddxmgb_mw99y1m0000gn/T/XcodeDistPipeline.~~~zJM8A7/Root/Payload/Gamenote.app/Frameworks/React.framework"
)'>
2026-06-20 13:02:50 +0000 [MT] codesign output: /var/folders/xg/0l5djnz91jddxmgb_mw99y1m0000gn/T/XcodeDistPipeline.~~~zJM8A7/Root/Payload/Gamenote.app/Frameworks/React.framework: replacing existing signature
/var/folders/xg/0l5djnz91jddxmgb_mw99y1m0000gn/T/XcodeDistPipeline.~~~zJM8A7/Root/Payload/Gamenote.app/Frameworks/React.framework: signed bundle with Mach-O thin (arm64) [react-native.React]
2026-06-20 13:02:50 +0000 [MT] Entitlements for <IDEDistributionItem: 0x88215d560; bundleID='third-party.ReactNativeDependencies', path='<DVTFilePath:0x87ff0a980:'/Users/mariobarisa/Library/Developer/Xcode/Archives/2026-06-20/Gamenote 20.06.2026., 14.52.xcarchive/Products/Applications/Gamenote.app/Frameworks/ReactNativeDependencies.framework'>', codeSigningInfo='<_DVTCodeSigningInformation_Path: 0x88215d1a0; isSigned='1', isAdHocSigned='0', signingCertificate='<DVTSigningCertificate: 0x882458000; name='Apple Development: mario@barisa.me (5M5N3627V2)', hash='6FC558BA722D65605B3A53EF167D9890E2111E09', serialNumber='77FF3BEB5A130CED75339093A6C51DEF', certificateKinds='(
    "1.2.840.113635.100.6.1.12",
    "1.2.840.113635.100.6.1.2"
), issueDate='2026-06-13 14:10:33 +0000''>', entitlements='(null)', teamID='NXVT8PYC2P', identifier='third-party.ReactNativeDependencies', executablePath='<DVTFilePath:0x882031810:'/Users/mariobarisa/Library/Developer/Xcode/Archives/2026-06-20/Gamenote 20.06.2026., 14.52.xcarchive/Products/Applications/Gamenote.app/Frameworks/ReactNativeDependencies.framework/ReactNativeDependencies'>', hardenedRuntime='0'>'>: {
}
2026-06-20 13:02:50 +0000 [MT] Associated App Clip Identifiers Filter: Skipping because "com.apple.developer.associated-appclip-app-identifiers" is not present
2026-06-20 13:02:50 +0000 [MT] Entitlements for <IDEDistributionItem: 0x88215d560; bundleID='third-party.ReactNativeDependencies', path='<DVTFilePath:0x87ff0a980:'/Users/mariobarisa/Library/Developer/Xcode/Archives/2026-06-20/Gamenote 20.06.2026., 14.52.xcarchive/Products/Applications/Gamenote.app/Frameworks/ReactNativeDependencies.framework'>', codeSigningInfo='<_DVTCodeSigningInformation_Path: 0x88215d1a0; isSigned='1', isAdHocSigned='0', signingCertificate='<DVTSigningCertificate: 0x882458780; name='Apple Development: mario@barisa.me (5M5N3627V2)', hash='6FC558BA722D65605B3A53EF167D9890E2111E09', serialNumber='77FF3BEB5A130CED75339093A6C51DEF', certificateKinds='(
    "1.2.840.113635.100.6.1.12",
    "1.2.840.113635.100.6.1.2"
), issueDate='2026-06-13 14:10:33 +0000''>', entitlements='(null)', teamID='NXVT8PYC2P', identifier='third-party.ReactNativeDependencies', executablePath='<DVTFilePath:0x882031810:'/Users/mariobarisa/Library/Developer/Xcode/Archives/2026-06-20/Gamenote 20.06.2026., 14.52.xcarchive/Products/Applications/Gamenote.app/Frameworks/ReactNativeDependencies.framework/ReactNativeDependencies'>', hardenedRuntime='0'>'> are: {
}
2026-06-20 13:02:50 +0000 [MT] Writing entitlements for <IDEDistributionItem: 0x88215d560; bundleID='third-party.ReactNativeDependencies', path='<DVTFilePath:0x87ff0a980:'/Users/mariobarisa/Library/Developer/Xcode/Archives/2026-06-20/Gamenote 20.06.2026., 14.52.xcarchive/Products/Applications/Gamenote.app/Frameworks/ReactNativeDependencies.framework'>', codeSigningInfo='<_DVTCodeSigningInformation_Path: 0x88215d1a0; isSigned='1', isAdHocSigned='0', signingCertificate='<DVTSigningCertificate: 0x882458780; name='Apple Development: mario@barisa.me (5M5N3627V2)', hash='6FC558BA722D65605B3A53EF167D9890E2111E09', serialNumber='77FF3BEB5A130CED75339093A6C51DEF', certificateKinds='(
    "1.2.840.113635.100.6.1.12",
    "1.2.840.113635.100.6.1.2"
), issueDate='2026-06-13 14:10:33 +0000''>', entitlements='(null)', teamID='NXVT8PYC2P', identifier='third-party.ReactNativeDependencies', executablePath='<DVTFilePath:0x882031810:'/Users/mariobarisa/Library/Developer/Xcode/Archives/2026-06-20/Gamenote 20.06.2026., 14.52.xcarchive/Products/Applications/Gamenote.app/Frameworks/ReactNativeDependencies.framework/ReactNativeDependencies'>', hardenedRuntime='0'>'> to: /var/folders/xg/0l5djnz91jddxmgb_mw99y1m0000gn/T/XcodeDistPipeline.~~~zJM8A7/entitlements~~~nlrfrH
2026-06-20 13:02:50 +0000 [MT] invoking codesign: <NSConcreteTask: 0x8824663a0; launchPath='/usr/bin/codesign', arguments='(
    "-f",
    "-s",
    6FC558BA722D65605B3A53EF167D9890E2111E09,
    "--entitlements",
    "/var/folders/xg/0l5djnz91jddxmgb_mw99y1m0000gn/T/XcodeDistPipeline.~~~zJM8A7/entitlements~~~nlrfrH",
    "--preserve-metadata=identifier,flags,runtime,launch-constraints,library-constraints",
    "--generate-entitlement-der",
    "--strip-disallowed-xattrs",
    "-vvv",
    "/var/folders/xg/0l5djnz91jddxmgb_mw99y1m0000gn/T/XcodeDistPipeline.~~~zJM8A7/Root/Payload/Gamenote.app/Frameworks/ReactNativeDependencies.framework"
)'>
2026-06-20 13:02:54 +0000 [MT] codesign output: /var/folders/xg/0l5djnz91jddxmgb_mw99y1m0000gn/T/XcodeDistPipeline.~~~zJM8A7/Root/Payload/Gamenote.app/Frameworks/ReactNativeDependencies.framework: replacing existing signature
/var/folders/xg/0l5djnz91jddxmgb_mw99y1m0000gn/T/XcodeDistPipeline.~~~zJM8A7/Root/Payload/Gamenote.app/Frameworks/ReactNativeDependencies.framework: signed bundle with Mach-O thin (arm64) [third-party.ReactNativeDependencies]
2026-06-20 13:02:54 +0000 [MT] Entitlements for <IDEDistributionItem: 0x88215d5c0; bundleID='dev.hermesengine.iphoneos', path='<DVTFilePath:0x882031960:'/Users/mariobarisa/Library/Developer/Xcode/Archives/2026-06-20/Gamenote 20.06.2026., 14.52.xcarchive/Products/Applications/Gamenote.app/Frameworks/hermes.framework'>', codeSigningInfo='<_DVTCodeSigningInformation_Path: 0x88215d620; isSigned='1', isAdHocSigned='0', signingCertificate='<DVTSigningCertificate: 0x882458000; name='Apple Development: mario@barisa.me (5M5N3627V2)', hash='6FC558BA722D65605B3A53EF167D9890E2111E09', serialNumber='77FF3BEB5A130CED75339093A6C51DEF', certificateKinds='(
    "1.2.840.113635.100.6.1.12",
    "1.2.840.113635.100.6.1.2"
), issueDate='2026-06-13 14:10:33 +0000''>', entitlements='(null)', teamID='NXVT8PYC2P', identifier='dev.hermesengine.iphoneos', executablePath='<DVTFilePath:0x882135620:'/Users/mariobarisa/Library/Developer/Xcode/Archives/2026-06-20/Gamenote 20.06.2026., 14.52.xcarchive/Products/Applications/Gamenote.app/Frameworks/hermes.framework/hermes'>', hardenedRuntime='0'>'>: {
}
2026-06-20 13:02:54 +0000 [MT] Associated App Clip Identifiers Filter: Skipping because "com.apple.developer.associated-appclip-app-identifiers" is not present
2026-06-20 13:02:54 +0000 [MT] Entitlements for <IDEDistributionItem: 0x88215d5c0; bundleID='dev.hermesengine.iphoneos', path='<DVTFilePath:0x882031960:'/Users/mariobarisa/Library/Developer/Xcode/Archives/2026-06-20/Gamenote 20.06.2026., 14.52.xcarchive/Products/Applications/Gamenote.app/Frameworks/hermes.framework'>', codeSigningInfo='<_DVTCodeSigningInformation_Path: 0x88215d620; isSigned='1', isAdHocSigned='0', signingCertificate='<DVTSigningCertificate: 0x882458780; name='Apple Development: mario@barisa.me (5M5N3627V2)', hash='6FC558BA722D65605B3A53EF167D9890E2111E09', serialNumber='77FF3BEB5A130CED75339093A6C51DEF', certificateKinds='(
    "1.2.840.113635.100.6.1.12",
    "1.2.840.113635.100.6.1.2"
), issueDate='2026-06-13 14:10:33 +0000''>', entitlements='(null)', teamID='NXVT8PYC2P', identifier='dev.hermesengine.iphoneos', executablePath='<DVTFilePath:0x882135620:'/Users/mariobarisa/Library/Developer/Xcode/Archives/2026-06-20/Gamenote 20.06.2026., 14.52.xcarchive/Products/Applications/Gamenote.app/Frameworks/hermes.framework/hermes'>', hardenedRuntime='0'>'> are: {
}
2026-06-20 13:02:54 +0000 [MT] Writing entitlements for <IDEDistributionItem: 0x88215d5c0; bundleID='dev.hermesengine.iphoneos', path='<DVTFilePath:0x882031960:'/Users/mariobarisa/Library/Developer/Xcode/Archives/2026-06-20/Gamenote 20.06.2026., 14.52.xcarchive/Products/Applications/Gamenote.app/Frameworks/hermes.framework'>', codeSigningInfo='<_DVTCodeSigningInformation_Path: 0x88215d620; isSigned='1', isAdHocSigned='0', signingCertificate='<DVTSigningCertificate: 0x882458780; name='Apple Development: mario@barisa.me (5M5N3627V2)', hash='6FC558BA722D65605B3A53EF167D9890E2111E09', serialNumber='77FF3BEB5A130CED75339093A6C51DEF', certificateKinds='(
    "1.2.840.113635.100.6.1.12",
    "1.2.840.113635.100.6.1.2"
), issueDate='2026-06-13 14:10:33 +0000''>', entitlements='(null)', teamID='NXVT8PYC2P', identifier='dev.hermesengine.iphoneos', executablePath='<DVTFilePath:0x882135620:'/Users/mariobarisa/Library/Developer/Xcode/Archives/2026-06-20/Gamenote 20.06.2026., 14.52.xcarchive/Products/Applications/Gamenote.app/Frameworks/hermes.framework/hermes'>', hardenedRuntime='0'>'> to: /var/folders/xg/0l5djnz91jddxmgb_mw99y1m0000gn/T/XcodeDistPipeline.~~~zJM8A7/entitlements~~~JWnOw8
2026-06-20 13:02:54 +0000 [MT] invoking codesign: <NSConcreteTask: 0x8824663a0; launchPath='/usr/bin/codesign', arguments='(
    "-f",
    "-s",
    6FC558BA722D65605B3A53EF167D9890E2111E09,
    "--entitlements",
    "/var/folders/xg/0l5djnz91jddxmgb_mw99y1m0000gn/T/XcodeDistPipeline.~~~zJM8A7/entitlements~~~JWnOw8",
    "--preserve-metadata=identifier,flags,runtime,launch-constraints,library-constraints",
    "--generate-entitlement-der",
    "--strip-disallowed-xattrs",
    "-vvv",
    "/var/folders/xg/0l5djnz91jddxmgb_mw99y1m0000gn/T/XcodeDistPipeline.~~~zJM8A7/Root/Payload/Gamenote.app/Frameworks/hermes.framework"
)'>
2026-06-20 13:02:59 +0000 [MT] codesign output: /var/folders/xg/0l5djnz91jddxmgb_mw99y1m0000gn/T/XcodeDistPipeline.~~~zJM8A7/Root/Payload/Gamenote.app/Frameworks/hermes.framework: replacing existing signature
/var/folders/xg/0l5djnz91jddxmgb_mw99y1m0000gn/T/XcodeDistPipeline.~~~zJM8A7/Root/Payload/Gamenote.app/Frameworks/hermes.framework: signed bundle with Mach-O thin (arm64) [dev.hermesengine.iphoneos]
2026-06-20 13:02:59 +0000 [MT] Entitlements for <IDEDistributionItem: 0x88215d740; bundleID='eu.gamenote.ios', path='<DVTFilePath:0x8820157a0:'/Users/mariobarisa/Library/Developer/Xcode/Archives/2026-06-20/Gamenote 20.06.2026., 14.52.xcarchive/Products/Applications/Gamenote.app'>', codeSigningInfo='<_DVTCodeSigningInformation_Path: 0x88215d7a0; isSigned='1', isAdHocSigned='0', signingCertificate='<DVTSigningCertificate: 0x882458000; name='Apple Development: mario@barisa.me (5M5N3627V2)', hash='6FC558BA722D65605B3A53EF167D9890E2111E09', serialNumber='77FF3BEB5A130CED75339093A6C51DEF', certificateKinds='(
    "1.2.840.113635.100.6.1.12",
    "1.2.840.113635.100.6.1.2"
), issueDate='2026-06-13 14:10:33 +0000''>', entitlements='{
    "application-identifier" = "NXVT8PYC2P.eu.gamenote.ios";
    "com.apple.developer.team-identifier" = NXVT8PYC2P;
    "get-task-allow" = 1;
}', teamID='NXVT8PYC2P', identifier='eu.gamenote.ios', executablePath='<DVTFilePath:0x882017960:'/Users/mariobarisa/Library/Developer/Xcode/Archives/2026-06-20/Gamenote 20.06.2026., 14.52.xcarchive/Products/Applications/Gamenote.app/Gamenote'>', hardenedRuntime='0'>'>: {
    "application-identifier" = "NXVT8PYC2P.eu.gamenote.ios";
    "com.apple.developer.team-identifier" = NXVT8PYC2P;
    "get-task-allow" = 1;
}
2026-06-20 13:02:59 +0000 [MT] Associated App Clip Identifiers Filter: Skipping because "com.apple.developer.associated-appclip-app-identifiers" is not present
2026-06-20 13:02:59 +0000 [MT] Entitlements for <IDEDistributionItem: 0x88215d740; bundleID='eu.gamenote.ios', path='<DVTFilePath:0x8820157a0:'/Users/mariobarisa/Library/Developer/Xcode/Archives/2026-06-20/Gamenote 20.06.2026., 14.52.xcarchive/Products/Applications/Gamenote.app'>', codeSigningInfo='<_DVTCodeSigningInformation_Path: 0x88215d7a0; isSigned='1', isAdHocSigned='0', signingCertificate='<DVTSigningCertificate: 0x882458780; name='Apple Development: mario@barisa.me (5M5N3627V2)', hash='6FC558BA722D65605B3A53EF167D9890E2111E09', serialNumber='77FF3BEB5A130CED75339093A6C51DEF', certificateKinds='(
    "1.2.840.113635.100.6.1.12",
    "1.2.840.113635.100.6.1.2"
), issueDate='2026-06-13 14:10:33 +0000''>', entitlements='{
    "application-identifier" = "NXVT8PYC2P.eu.gamenote.ios";
    "com.apple.developer.team-identifier" = NXVT8PYC2P;
    "get-task-allow" = 1;
}', teamID='NXVT8PYC2P', identifier='eu.gamenote.ios', executablePath='<DVTFilePath:0x882017960:'/Users/mariobarisa/Library/Developer/Xcode/Archives/2026-06-20/Gamenote 20.06.2026., 14.52.xcarchive/Products/Applications/Gamenote.app/Gamenote'>', hardenedRuntime='0'>'> are: {
    "application-identifier" = "NXVT8PYC2P.eu.gamenote.ios";
    "com.apple.developer.team-identifier" = NXVT8PYC2P;
    "get-task-allow" = 1;
}
2026-06-20 13:02:59 +0000 [MT] Writing entitlements for <IDEDistributionItem: 0x88215d740; bundleID='eu.gamenote.ios', path='<DVTFilePath:0x8820157a0:'/Users/mariobarisa/Library/Developer/Xcode/Archives/2026-06-20/Gamenote 20.06.2026., 14.52.xcarchive/Products/Applications/Gamenote.app'>', codeSigningInfo='<_DVTCodeSigningInformation_Path: 0x88215d7a0; isSigned='1', isAdHocSigned='0', signingCertificate='<DVTSigningCertificate: 0x882458780; name='Apple Development: mario@barisa.me (5M5N3627V2)', hash='6FC558BA722D65605B3A53EF167D9890E2111E09', serialNumber='77FF3BEB5A130CED75339093A6C51DEF', certificateKinds='(
    "1.2.840.113635.100.6.1.12",
    "1.2.840.113635.100.6.1.2"
), issueDate='2026-06-13 14:10:33 +0000''>', entitlements='{
    "application-identifier" = "NXVT8PYC2P.eu.gamenote.ios";
    "com.apple.developer.team-identifier" = NXVT8PYC2P;
    "get-task-allow" = 1;
}', teamID='NXVT8PYC2P', identifier='eu.gamenote.ios', executablePath='<DVTFilePath:0x882017960:'/Users/mariobarisa/Library/Developer/Xcode/Archives/2026-06-20/Gamenote 20.06.2026., 14.52.xcarchive/Products/Applications/Gamenote.app/Gamenote'>', hardenedRuntime='0'>'> to: /var/folders/xg/0l5djnz91jddxmgb_mw99y1m0000gn/T/XcodeDistPipeline.~~~zJM8A7/entitlements~~~UnUFcj
2026-06-20 13:02:59 +0000 [MT] invoking codesign: <NSConcreteTask: 0x8824663a0; launchPath='/usr/bin/codesign', arguments='(
    "-f",
    "-s",
    6FC558BA722D65605B3A53EF167D9890E2111E09,
    "--entitlements",
    "/var/folders/xg/0l5djnz91jddxmgb_mw99y1m0000gn/T/XcodeDistPipeline.~~~zJM8A7/entitlements~~~UnUFcj",
    "--preserve-metadata=identifier,flags,runtime,launch-constraints,library-constraints",
    "--generate-entitlement-der",
    "--strip-disallowed-xattrs",
    "-vvv",
    "/var/folders/xg/0l5djnz91jddxmgb_mw99y1m0000gn/T/XcodeDistPipeline.~~~zJM8A7/Root/Payload/Gamenote.app"
)'>
2026-06-20 13:03:04 +0000 [MT] codesign output: /var/folders/xg/0l5djnz91jddxmgb_mw99y1m0000gn/T/XcodeDistPipeline.~~~zJM8A7/Root/Payload/Gamenote.app: replacing existing signature
/var/folders/xg/0l5djnz91jddxmgb_mw99y1m0000gn/T/XcodeDistPipeline.~~~zJM8A7/Root/Payload/Gamenote.app: signed app bundle with Mach-O thin (arm64) [eu.gamenote.ios]
2026-06-20 13:03:04 +0000 [MT] Processing step: IDEDistributionZipODRItemStep
2026-06-20 13:03:04 +0000 [MT] Skipping step: IDEDistributionZipODRItemStep because it said so
2026-06-20 13:03:04 +0000 [MT] Skipping step: IDEDistributionZipODRItemStep because it said so
2026-06-20 13:03:04 +0000 [MT] Skipping step: IDEDistributionZipODRItemStep because it said so
2026-06-20 13:03:04 +0000 [MT] Skipping step: IDEDistributionZipODRItemStep because it said so
2026-06-20 13:03:04 +0000 [MT] Processing step: IDEDistributionCreateIPAStep
2026-06-20 13:03:04 +0000 [MT] Running /usr/bin/ditto '-V' '-c' '-k' '--norsrc' '/var/folders/xg/0l5djnz91jddxmgb_mw99y1m0000gn/T/XcodeDistPipeline.~~~zJM8A7/Root' '/var/folders/xg/0l5djnz91jddxmgb_mw99y1m0000gn/T/XcodeDistPipeline.~~~zJM8A7/Packages/Gamenote.ipa'
2026-06-20 13:03:04 +0000  >>> Copying /var/folders/xg/0l5djnz91jddxmgb_mw99y1m0000gn/T/XcodeDistPipeline.~~~zJM8A7/Root 
2026-06-20 13:03:04 +0000  copying file ./Payload/Gamenote.app/_CodeSignature/CodeResources ... 
2026-06-20 13:03:04 +0000  28059 bytes for ./Payload/Gamenote.app/_CodeSignature/CodeResources
2026-06-20 13:03:04 +0000  copying file ./Payload/Gamenote.app/SplashScreen.storyboardc/EXPO-VIEWCONTROLLER-1-view-EXPO-ContainerView.nib ... 
2026-06-20 13:03:04 +0000  2024 bytes for ./Payload/Gamenote.app/SplashScreen.storyboardc/EXPO-VIEWCONTROLLER-1-view-EXPO-ContainerView.nib
2026-06-20 13:03:04 +0000  copying file ./Payload/Gamenote.app/SplashScreen.storyboardc/SplashScreenViewController.nib ... 
2026-06-20 13:03:04 +0000  1004 bytes for ./Payload/Gamenote.app/SplashScreen.storyboardc/SplashScreenViewController.nib
2026-06-20 13:03:04 +0000  copying file ./Payload/Gamenote.app/SplashScreen.storyboardc/Info.plist ... 
2026-06-20 13:03:04 +0000  225 bytes for ./Payload/Gamenote.app/SplashScreen.storyboardc/Info.plist
2026-06-20 13:03:04 +0000  copying file ./Payload/Gamenote.app/ExpoSystemUI_privacy.bundle/PrivacyInfo.xcprivacy ... 
2026-06-20 13:03:04 +0000  607 bytes for ./Payload/Gamenote.app/ExpoSystemUI_privacy.bundle/PrivacyInfo.xcprivacy
2026-06-20 13:03:04 +0000  copying file ./Payload/Gamenote.app/ExpoSystemUI_privacy.bundle/Info.plist ... 
2026-06-20 13:03:04 +0000  785 bytes for ./Payload/Gamenote.app/ExpoSystemUI_privacy.bundle/Info.plist
2026-06-20 13:03:04 +0000  copying file ./Payload/Gamenote.app/ExpoLocalization_privacy.bundle/PrivacyInfo.xcprivacy ... 
2026-06-20 13:03:04 +0000  607 bytes for ./Payload/Gamenote.app/ExpoLocalization_privacy.bundle/PrivacyInfo.xcprivacy
2026-06-20 13:03:04 +0000  copying file ./Payload/Gamenote.app/ExpoLocalization_privacy.bundle/Info.plist ... 
2026-06-20 13:03:04 +0000  794 bytes for ./Payload/Gamenote.app/ExpoLocalization_privacy.bundle/Info.plist
2026-06-20 13:03:04 +0000  copying file ./Payload/Gamenote.app/ExpoConstants_privacy.bundle/PrivacyInfo.xcprivacy ... 
2026-06-20 13:03:04 +0000  607 bytes for ./Payload/Gamenote.app/ExpoConstants_privacy.bundle/PrivacyInfo.xcprivacy
2026-06-20 13:03:04 +0000  copying file ./Payload/Gamenote.app/ExpoConstants_privacy.bundle/Info.plist ... 
2026-06-20 13:03:04 +0000  789 bytes for ./Payload/Gamenote.app/ExpoConstants_privacy.bundle/Info.plist
2026-06-20 13:03:04 +0000  copying file ./Payload/Gamenote.app/React-cxxreact_privacy.bundle/PrivacyInfo.xcprivacy ... 
2026-06-20 13:03:04 +0000  552 bytes for ./Payload/Gamenote.app/React-cxxreact_privacy.bundle/PrivacyInfo.xcprivacy
2026-06-20 13:03:04 +0000  copying file ./Payload/Gamenote.app/React-cxxreact_privacy.bundle/Info.plist ... 
2026-06-20 13:03:04 +0000  790 bytes for ./Payload/Gamenote.app/React-cxxreact_privacy.bundle/Info.plist
2026-06-20 13:03:04 +0000  copying file ./Payload/Gamenote.app/Gamenote ... 
2026-06-20 13:03:04 +0000  5752848 bytes for ./Payload/Gamenote.app/Gamenote
2026-06-20 13:03:04 +0000  copying file ./Payload/Gamenote.app/Assets.car ... 
2026-06-20 13:03:04 +0000  5437784 bytes for ./Payload/Gamenote.app/Assets.car
2026-06-20 13:03:04 +0000  copying file ./Payload/Gamenote.app/main.jsbundle ... 
2026-06-20 13:03:04 +0000  3955316 bytes for ./Payload/Gamenote.app/main.jsbundle
2026-06-20 13:03:04 +0000  copying file ./Payload/Gamenote.app/EXConstants.bundle/app.config ... 
2026-06-20 13:03:04 +0000  3212 bytes for ./Payload/Gamenote.app/EXConstants.bundle/app.config
2026-06-20 13:03:04 +0000  copying file ./Payload/Gamenote.app/EXConstants.bundle/Info.plist ... 
2026-06-20 13:03:04 +0000  767 bytes for ./Payload/Gamenote.app/EXConstants.bundle/Info.plist
2026-06-20 13:03:04 +0000  copying file ./Payload/Gamenote.app/SDWebImage.bundle/PrivacyInfo.xcprivacy ... 
2026-06-20 13:03:04 +0000  599 bytes for ./Payload/Gamenote.app/SDWebImage.bundle/PrivacyInfo.xcprivacy
2026-06-20 13:03:04 +0000  copying file ./Payload/Gamenote.app/SDWebImage.bundle/Info.plist ... 
2026-06-20 13:03:04 +0000  763 bytes for ./Payload/Gamenote.app/SDWebImage.bundle/Info.plist
2026-06-20 13:03:04 +0000  copying file ./Payload/Gamenote.app/PrivacyInfo.xcprivacy ... 
2026-06-20 13:03:04 +0000  1283 bytes for ./Payload/Gamenote.app/PrivacyInfo.xcprivacy
2026-06-20 13:03:04 +0000  copying file ./Payload/Gamenote.app/ExpoFileSystem_privacy.bundle/PrivacyInfo.xcprivacy ... 
2026-06-20 13:03:04 +0000  877 bytes for ./Payload/Gamenote.app/ExpoFileSystem_privacy.bundle/PrivacyInfo.xcprivacy
2026-06-20 13:03:04 +0000  copying file ./Payload/Gamenote.app/ExpoFileSystem_privacy.bundle/Info.plist ... 
2026-06-20 13:03:04 +0000  791 bytes for ./Payload/Gamenote.app/ExpoFileSystem_privacy.bundle/Info.plist
2026-06-20 13:03:04 +0000  copying file ./Payload/Gamenote.app/Frameworks/React.framework/_CodeSignature/CodeResources ... 
2026-06-20 13:03:04 +0000  1798 bytes for ./Payload/Gamenote.app/Frameworks/React.framework/_CodeSignature/CodeResources
2026-06-20 13:03:04 +0000  copying file ./Payload/Gamenote.app/Frameworks/React.framework/React ... 
2026-06-20 13:03:04 +0000  11372576 bytes for ./Payload/Gamenote.app/Frameworks/React.framework/React
2026-06-20 13:03:04 +0000  copying file ./Payload/Gamenote.app/Frameworks/React.framework/Info.plist ... 
2026-06-20 13:03:04 +0000  749 bytes for ./Payload/Gamenote.app/Frameworks/React.framework/Info.plist
2026-06-20 13:03:04 +0000  copying file ./Payload/Gamenote.app/Frameworks/ReactNativeDependencies.framework/_CodeSignature/CodeResources ... 
2026-06-20 13:03:04 +0000  3548 bytes for ./Payload/Gamenote.app/Frameworks/ReactNativeDependencies.framework/_CodeSignature/CodeResources
2026-06-20 13:03:04 +0000  copying file ./Payload/Gamenote.app/Frameworks/ReactNativeDependencies.framework/ReactNativeDependencies_folly.bundle/PrivacyInfo.xcprivacy ... 
2026-06-20 13:03:04 +0000  552 bytes for ./Payload/Gamenote.app/Frameworks/ReactNativeDependencies.framework/ReactNativeDependencies_folly.bundle/PrivacyInfo.xcprivacy
2026-06-20 13:03:04 +0000  copying file ./Payload/Gamenote.app/Frameworks/ReactNativeDependencies.framework/ReactNativeDependencies_folly.bundle/Info.plist ... 
2026-06-20 13:03:04 +0000  690 bytes for ./Payload/Gamenote.app/Frameworks/ReactNativeDependencies.framework/ReactNativeDependencies_folly.bundle/Info.plist
2026-06-20 13:03:04 +0000  copying file ./Payload/Gamenote.app/Frameworks/ReactNativeDependencies.framework/ReactNativeDependencies ... 
2026-06-20 13:03:04 +0000  1287280 bytes for ./Payload/Gamenote.app/Frameworks/ReactNativeDependencies.framework/ReactNativeDependencies
2026-06-20 13:03:04 +0000  copying file ./Payload/Gamenote.app/Frameworks/ReactNativeDependencies.framework/ReactNativeDependencies_glog.bundle/PrivacyInfo.xcprivacy ... 
2026-06-20 13:03:04 +0000  552 bytes for ./Payload/Gamenote.app/Frameworks/ReactNativeDependencies.framework/ReactNativeDependencies_glog.bundle/PrivacyInfo.xcprivacy
2026-06-20 13:03:04 +0000  copying file ./Payload/Gamenote.app/Frameworks/ReactNativeDependencies.framework/ReactNativeDependencies_glog.bundle/Info.plist ... 
2026-06-20 13:03:04 +0000  688 bytes for ./Payload/Gamenote.app/Frameworks/ReactNativeDependencies.framework/ReactNativeDependencies_glog.bundle/Info.plist
2026-06-20 13:03:04 +0000  copying file ./Payload/Gamenote.app/Frameworks/ReactNativeDependencies.framework/ReactNativeDependencies_boost.bundle/PrivacyInfo.xcprivacy ... 
2026-06-20 13:03:04 +0000  776 bytes for ./Payload/Gamenote.app/Frameworks/ReactNativeDependencies.framework/ReactNativeDependencies_boost.bundle/PrivacyInfo.xcprivacy
2026-06-20 13:03:04 +0000  copying file ./Payload/Gamenote.app/Frameworks/ReactNativeDependencies.framework/ReactNativeDependencies_boost.bundle/Info.plist ... 
2026-06-20 13:03:04 +0000  690 bytes for ./Payload/Gamenote.app/Frameworks/ReactNativeDependencies.framework/ReactNativeDependencies_boost.bundle/Info.plist
2026-06-20 13:03:04 +0000  copying file ./Payload/Gamenote.app/Frameworks/ReactNativeDependencies.framework/Info.plist ... 
2026-06-20 13:03:04 +0000  782 bytes for ./Payload/Gamenote.app/Frameworks/ReactNativeDependencies.framework/Info.plist
2026-06-20 13:03:04 +0000  copying file ./Payload/Gamenote.app/Frameworks/hermes.framework/_CodeSignature/CodeResources ... 
2026-06-20 13:03:04 +0000  1798 bytes for ./Payload/Gamenote.app/Frameworks/hermes.framework/_CodeSignature/CodeResources
2026-06-20 13:03:04 +0000  copying file ./Payload/Gamenote.app/Frameworks/hermes.framework/hermes ... 
2026-06-20 13:03:05 +0000  4755616 bytes for ./Payload/Gamenote.app/Frameworks/hermes.framework/hermes
2026-06-20 13:03:05 +0000  copying file ./Payload/Gamenote.app/Frameworks/hermes.framework/Info.plist ... 
859 bytes for ./Payload/Gamenote.app/Frameworks/hermes.framework/Info.plist
2026-06-20 13:03:05 +0000  copying file ./Payload/Gamenote.app/embedded.mobileprovision ... 
2026-06-20 13:03:05 +0000  16334 bytes for ./Payload/Gamenote.app/embedded.mobileprovision
2026-06-20 13:03:05 +0000  copying file ./Payload/Gamenote.app/assets/node_modules/@react-navigation/elements/lib/module/assets/back-icon@3x.png ... 
2026-06-20 13:03:05 +0000  761 bytes for ./Payload/Gamenote.app/assets/node_modules/@react-navigation/elements/lib/module/assets/back-icon@3x.png
2026-06-20 13:03:05 +0000  copying file ./Payload/Gamenote.app/assets/node_modules/@react-navigation/elements/lib/module/assets/back-icon@2x.png ... 
2026-06-20 13:03:05 +0000  405 bytes for ./Payload/Gamenote.app/assets/node_modules/@react-navigation/elements/lib/module/assets/back-icon@2x.png
2026-06-20 13:03:05 +0000  copying file ./Payload/Gamenote.app/assets/node_modules/@react-navigation/elements/lib/module/assets/search-icon@2x.png ... 
2026-06-20 13:03:05 +0000  589 bytes for ./Payload/Gamenote.app/assets/node_modules/@react-navigation/elements/lib/module/assets/search-icon@2x.png
2026-06-20 13:03:05 +0000  copying file ./Payload/Gamenote.app/assets/node_modules/@react-navigation/elements/lib/module/assets/clear-icon@3x.png ... 
2026-06-20 13:03:05 +0000  502 bytes for ./Payload/Gamenote.app/assets/node_modules/@react-navigation/elements/lib/module/assets/clear-icon@3x.png
2026-06-20 13:03:05 +0000  copying file ./Payload/Gamenote.app/assets/node_modules/@react-navigation/elements/lib/module/assets/back-icon.png ... 
2026-06-20 13:03:05 +0000  290 bytes for ./Payload/Gamenote.app/assets/node_modules/@react-navigation/elements/lib/module/assets/back-icon.png
2026-06-20 13:03:05 +0000  copying file ./Payload/Gamenote.app/assets/node_modules/@react-navigation/elements/lib/module/assets/clear-icon@2x.png ... 
2026-06-20 13:03:05 +0000  334 bytes for ./Payload/Gamenote.app/assets/node_modules/@react-navigation/elements/lib/module/assets/clear-icon@2x.png
2026-06-20 13:03:05 +0000  copying file ./Payload/Gamenote.app/assets/node_modules/@react-navigation/elements/lib/module/assets/search-icon@3x.png ... 
2026-06-20 13:03:05 +0000  839 bytes for ./Payload/Gamenote.app/assets/node_modules/@react-navigation/elements/lib/module/assets/search-icon@3x.png
2026-06-20 13:03:05 +0000  copying file ./Payload/Gamenote.app/assets/node_modules/@react-navigation/elements/lib/module/assets/close-icon.png ... 
2026-06-20 13:03:05 +0000  141 bytes for ./Payload/Gamenote.app/assets/node_modules/@react-navigation/elements/lib/module/assets/close-icon.png
2026-06-20 13:03:05 +0000  copying file ./Payload/Gamenote.app/assets/node_modules/@react-navigation/elements/lib/module/assets/back-icon-mask.png ... 
2026-06-20 13:03:05 +0000  653 bytes for ./Payload/Gamenote.app/assets/node_modules/@react-navigation/elements/lib/module/assets/back-icon-mask.png
2026-06-20 13:03:05 +0000  copying file ./Payload/Gamenote.app/assets/node_modules/@react-navigation/elements/lib/module/assets/close-icon@2x.png ... 
2026-06-20 13:03:05 +0000  201 bytes for ./Payload/Gamenote.app/assets/node_modules/@react-navigation/elements/lib/module/assets/close-icon@2x.png
2026-06-20 13:03:05 +0000  copying file ./Payload/Gamenote.app/assets/node_modules/@react-navigation/elements/lib/module/assets/close-icon@3x.png ... 
2026-06-20 13:03:05 +0000  266 bytes for ./Payload/Gamenote.app/assets/node_modules/@react-navigation/elements/lib/module/assets/close-icon@3x.png
2026-06-20 13:03:05 +0000  copying file ./Payload/Gamenote.app/assets/node_modules/@react-navigation/elements/lib/module/assets/clear-icon.png ... 
2026-06-20 13:03:05 +0000  220 bytes for ./Payload/Gamenote.app/assets/node_modules/@react-navigation/elements/lib/module/assets/clear-icon.png
2026-06-20 13:03:05 +0000  copying file ./Payload/Gamenote.app/assets/node_modules/@react-navigation/elements/lib/module/assets/search-icon.png ... 
2026-06-20 13:03:05 +0000  317 bytes for ./Payload/Gamenote.app/assets/node_modules/@react-navigation/elements/lib/module/assets/search-icon.png
2026-06-20 13:03:05 +0000  copying file ./Payload/Gamenote.app/assets/node_modules/@expo/vector-icons/build/vendor/react-native-vector-icons/Fonts/Fontisto.ttf ... 
2026-06-20 13:03:05 +0000  313528 bytes for ./Payload/Gamenote.app/assets/node_modules/@expo/vector-icons/build/vendor/react-native-vector-icons/Fonts/Fontisto.ttf
2026-06-20 13:03:05 +0000  copying file ./Payload/Gamenote.app/assets/node_modules/@expo/vector-icons/build/vendor/react-native-vector-icons/Fonts/Octicons.ttf ... 
2026-06-20 13:03:05 +0000  69436 bytes for ./Payload/Gamenote.app/assets/node_modules/@expo/vector-icons/build/vendor/react-native-vector-icons/Fonts/Octicons.ttf
2026-06-20 13:03:05 +0000  copying file ./Payload/Gamenote.app/assets/node_modules/@expo/vector-icons/build/vendor/react-native-vector-icons/Fonts/Feather.ttf ... 
2026-06-20 13:03:05 +0000  55596 bytes for ./Payload/Gamenote.app/assets/node_modules/@expo/vector-icons/build/vendor/react-native-vector-icons/Fonts/Feather.ttf
2026-06-20 13:03:05 +0000  copying file ./Payload/Gamenote.app/assets/node_modules/@expo/vector-icons/build/vendor/react-native-vector-icons/Fonts/FontAwesome6_Regular.ttf ... 
2026-06-20 13:03:05 +0000  67976 bytes for ./Payload/Gamenote.app/assets/node_modules/@expo/vector-icons/build/vendor/react-native-vector-icons/Fonts/FontAwesome6_Regular.ttf
2026-06-20 13:03:05 +0000  copying file ./Payload/Gamenote.app/assets/node_modules/@expo/vector-icons/build/vendor/react-native-vector-icons/Fonts/Entypo.ttf ... 
2026-06-20 13:03:05 +0000  66200 bytes for ./Payload/Gamenote.app/assets/node_modules/@expo/vector-icons/build/vendor/react-native-vector-icons/Fonts/Entypo.ttf
2026-06-20 13:03:05 +0000  copying file ./Payload/Gamenote.app/assets/node_modules/@expo/vector-icons/build/vendor/react-native-vector-icons/Fonts/FontAwesome5_Brands.ttf ... 
2026-06-20 13:03:05 +0000  134040 bytes for ./Payload/Gamenote.app/assets/node_modules/@expo/vector-icons/build/vendor/react-native-vector-icons/Fonts/FontAwesome5_Brands.ttf
2026-06-20 13:03:05 +0000  copying file ./Payload/Gamenote.app/assets/node_modules/@expo/vector-icons/build/vendor/react-native-vector-icons/Fonts/MaterialCommunityIcons.ttf ... 
2026-06-20 13:03:05 +0000  1307660 bytes for ./Payload/Gamenote.app/assets/node_modules/@expo/vector-icons/build/vendor/react-native-vector-icons/Fonts/MaterialCommunityIcons.ttf
2026-06-20 13:03:05 +0000  copying file ./Payload/Gamenote.app/assets/node_modules/@expo/vector-icons/build/vendor/react-native-vector-icons/Fonts/AntDesign.ttf ... 
2026-06-20 13:03:05 +0000  130484 bytes for ./Payload/Gamenote.app/assets/node_modules/@expo/vector-icons/build/vendor/react-native-vector-icons/Fonts/AntDesign.ttf
2026-06-20 13:03:05 +0000  copying file ./Payload/Gamenote.app/assets/node_modules/@expo/vector-icons/build/vendor/react-native-vector-icons/Fonts/Foundation.ttf ... 
2026-06-20 13:03:05 +0000  56976 bytes for ./Payload/Gamenote.app/assets/node_modules/@expo/vector-icons/build/vendor/react-native-vector-icons/Fonts/Foundation.ttf
2026-06-20 13:03:05 +0000  copying file ./Payload/Gamenote.app/assets/node_modules/@expo/vector-icons/build/vendor/react-native-vector-icons/Fonts/Ionicons.ttf ... 
2026-06-20 13:03:05 +0000  389724 bytes for ./Payload/Gamenote.app/assets/node_modules/@expo/vector-icons/build/vendor/react-native-vector-icons/Fonts/Ionicons.ttf
2026-06-20 13:03:05 +0000  copying file ./Payload/Gamenote.app/assets/node_modules/@expo/vector-icons/build/vendor/react-native-vector-icons/Fonts/FontAwesome5_Solid.ttf ... 
2026-06-20 13:03:05 +0000  202744 bytes for ./Payload/Gamenote.app/assets/node_modules/@expo/vector-icons/build/vendor/react-native-vector-icons/Fonts/FontAwesome5_Solid.ttf
2026-06-20 13:03:05 +0000  copying file ./Payload/Gamenote.app/assets/node_modules/@expo/vector-icons/build/vendor/react-native-vector-icons/Fonts/FontAwesome5_Regular.ttf ... 
2026-06-20 13:03:05 +0000  33736 bytes for ./Payload/Gamenote.app/assets/node_modules/@expo/vector-icons/build/vendor/react-native-vector-icons/Fonts/FontAwesome5_Regular.ttf
2026-06-20 13:03:05 +0000  copying file ./Payload/Gamenote.app/assets/node_modules/@expo/vector-icons/build/vendor/react-native-vector-icons/Fonts/FontAwesome.ttf ... 
2026-06-20 13:03:05 +0000  165548 bytes for ./Payload/Gamenote.app/assets/node_modules/@expo/vector-icons/build/vendor/react-native-vector-icons/Fonts/FontAwesome.ttf
2026-06-20 13:03:05 +0000  copying file ./Payload/Gamenote.app/assets/node_modules/@expo/vector-icons/build/vendor/react-native-vector-icons/Fonts/Zocial.ttf ... 
2026-06-20 13:03:05 +0000  25788 bytes for ./Payload/Gamenote.app/assets/node_modules/@expo/vector-icons/build/vendor/react-native-vector-icons/Fonts/Zocial.ttf
2026-06-20 13:03:05 +0000  copying file ./Payload/Gamenote.app/assets/node_modules/@expo/vector-icons/build/vendor/react-native-vector-icons/Fonts/EvilIcons.ttf ... 
2026-06-20 13:03:05 +0000  13456 bytes for ./Payload/Gamenote.app/assets/node_modules/@expo/vector-icons/build/vendor/react-native-vector-icons/Fonts/EvilIcons.ttf
2026-06-20 13:03:05 +0000  copying file ./Payload/Gamenote.app/assets/node_modules/@expo/vector-icons/build/vendor/react-native-vector-icons/Fonts/FontAwesome6_Solid.ttf ... 
2026-06-20 13:03:05 +0000  423676 bytes for ./Payload/Gamenote.app/assets/node_modules/@expo/vector-icons/build/vendor/react-native-vector-icons/Fonts/FontAwesome6_Solid.ttf
2026-06-20 13:03:05 +0000  copying file ./Payload/Gamenote.app/assets/node_modules/@expo/vector-icons/build/vendor/react-native-vector-icons/Fonts/SimpleLineIcons.ttf ... 
2026-06-20 13:03:05 +0000  54056 bytes for ./Payload/Gamenote.app/assets/node_modules/@expo/vector-icons/build/vendor/react-native-vector-icons/Fonts/SimpleLineIcons.ttf
2026-06-20 13:03:05 +0000  copying file ./Payload/Gamenote.app/assets/node_modules/@expo/vector-icons/build/vendor/react-native-vector-icons/Fonts/FontAwesome6_Brands.ttf ... 
2026-06-20 13:03:05 +0000  209376 bytes for ./Payload/Gamenote.app/assets/node_modules/@expo/vector-icons/build/vendor/react-native-vector-icons/Fonts/FontAwesome6_Brands.ttf
2026-06-20 13:03:05 +0000  copying file ./Payload/Gamenote.app/assets/node_modules/@expo/vector-icons/build/vendor/react-native-vector-icons/Fonts/MaterialIcons.ttf ... 
2026-06-20 13:03:05 +0000  356840 bytes for ./Payload/Gamenote.app/assets/node_modules/@expo/vector-icons/build/vendor/react-native-vector-icons/Fonts/MaterialIcons.ttf
2026-06-20 13:03:05 +0000  copying file ./Payload/Gamenote.app/assets/node_modules/expo-router/assets/pkg.png ... 
2026-06-20 13:03:05 +0000  364 bytes for ./Payload/Gamenote.app/assets/node_modules/expo-router/assets/pkg.png
2026-06-20 13:03:05 +0000  copying file ./Payload/Gamenote.app/assets/node_modules/expo-router/assets/unmatched.png ... 
2026-06-20 13:03:05 +0000  4752 bytes for ./Payload/Gamenote.app/assets/node_modules/expo-router/assets/unmatched.png
2026-06-20 13:03:05 +0000  copying file ./Payload/Gamenote.app/assets/node_modules/expo-router/assets/file.png ... 
2026-06-20 13:03:05 +0000  138 bytes for ./Payload/Gamenote.app/assets/node_modules/expo-router/assets/file.png
2026-06-20 13:03:05 +0000  copying file ./Payload/Gamenote.app/assets/node_modules/expo-router/assets/forward.png ... 
2026-06-20 13:03:05 +0000  188 bytes for ./Payload/Gamenote.app/assets/node_modules/expo-router/assets/forward.png
2026-06-20 13:03:05 +0000  copying file ./Payload/Gamenote.app/assets/node_modules/expo-router/assets/error.png ... 
2026-06-20 13:03:05 +0000  469 bytes for ./Payload/Gamenote.app/assets/node_modules/expo-router/assets/error.png
2026-06-20 13:03:05 +0000  copying file ./Payload/Gamenote.app/assets/node_modules/expo-router/assets/sitemap.png ... 
2026-06-20 13:03:05 +0000  465 bytes for ./Payload/Gamenote.app/assets/node_modules/expo-router/assets/sitemap.png
2026-06-20 13:03:05 +0000  copying file ./Payload/Gamenote.app/assets/node_modules/expo-router/assets/arrow_down.png ... 
2026-06-20 13:03:05 +0000  9456 bytes for ./Payload/Gamenote.app/assets/node_modules/expo-router/assets/arrow_down.png
2026-06-20 13:03:05 +0000  copying file ./Payload/Gamenote.app/assets/assets/gamenote/banners/GamenoteBannerDarkMode.png ... 
2026-06-20 13:03:05 +0000  60428 bytes for ./Payload/Gamenote.app/assets/assets/gamenote/banners/GamenoteBannerDarkMode.png
2026-06-20 13:03:05 +0000  copying file ./Payload/Gamenote.app/assets/assets/gamenote/banners/GamenoteBannerLightMode.png ... 
2026-06-20 13:03:05 +0000  58730 bytes for ./Payload/Gamenote.app/assets/assets/gamenote/banners/GamenoteBannerLightMode.png
2026-06-20 13:03:05 +0000  copying file ./Payload/Gamenote.app/Info.plist ... 
2026-06-20 13:03:05 +0000  2050 bytes for ./Payload/Gamenote.app/Info.plist
2026-06-20 13:03:05 +0000  copying file ./Payload/Gamenote.app/Expo.plist ... 
2026-06-20 13:03:05 +0000  132 bytes for ./Payload/Gamenote.app/Expo.plist
2026-06-20 13:03:05 +0000  copying file ./Payload/Gamenote.app/RNCAsyncStorage_resources.bundle/PrivacyInfo.xcprivacy ... 
2026-06-20 13:03:05 +0000  512 bytes for ./Payload/Gamenote.app/RNCAsyncStorage_resources.bundle/PrivacyInfo.xcprivacy
2026-06-20 13:03:05 +0000  copying file ./Payload/Gamenote.app/RNCAsyncStorage_resources.bundle/Info.plist ... 
2026-06-20 13:03:05 +0000  795 bytes for ./Payload/Gamenote.app/RNCAsyncStorage_resources.bundle/Info.plist
2026-06-20 13:03:05 +0000  copying file ./Payload/Gamenote.app/PkgInfo ... 
2026-06-20 13:03:05 +0000  8 bytes for ./Payload/Gamenote.app/PkgInfo
2026-06-20 13:03:05 +0000  copying file ./Payload/Gamenote.app/React-Core_privacy.bundle/PrivacyInfo.xcprivacy ... 
2026-06-20 13:03:05 +0000  768 bytes for ./Payload/Gamenote.app/React-Core_privacy.bundle/PrivacyInfo.xcprivacy
2026-06-20 13:03:05 +0000  copying file ./Payload/Gamenote.app/React-Core_privacy.bundle/Info.plist ... 
2026-06-20 13:03:05 +0000  782 bytes for ./Payload/Gamenote.app/React-Core_privacy.bundle/Info.plist
2026-06-20 13:03:05 +0000 [MT] /usr/bin/ditto exited with 0
2026-06-20 13:03:05 +0000 [MT] Processing step: IDEDistributionAppStoreInformationStep
2026-06-20 13:03:05 +0000 [MT] Skipping step: IDEDistributionAppStoreInformationStep because it said so
2026-06-20 13:03:05 +0000 [MT] Processing step: IDEDistributionGenerateProcessedDistributionItems
2026-06-20 13:03:05 +0000 [MT] IDEDistributionItem init <DVTFilePath:0x88215e220:'/var/folders/xg/0l5djnz91jddxmgb_mw99y1m0000gn/T/XcodeDistPipeline.~~~zJM8A7/Root/Payload/Gamenote.app/Frameworks/React.framework'>
2026-06-20 13:03:05 +0000 [MT] IDEDistributionItem init <DVTFilePath:0x88241adf0:'/var/folders/xg/0l5djnz91jddxmgb_mw99y1m0000gn/T/XcodeDistPipeline.~~~zJM8A7/Root/Payload/Gamenote.app/Frameworks/hermes.framework'>
2026-06-20 13:03:05 +0000 [MT] IDEDistributionItem init <DVTFilePath:0x87ff00800:'/var/folders/xg/0l5djnz91jddxmgb_mw99y1m0000gn/T/XcodeDistPipeline.~~~zJM8A7/Root/Payload/Gamenote.app/Frameworks/ReactNativeDependencies.framework'>
2026-06-20 13:03:05 +0000 [MT] IDEDistributionItem init <DVTFilePath:0x88215e6a0:'/var/folders/xg/0l5djnz91jddxmgb_mw99y1m0000gn/T/XcodeDistPipeline.~~~zJM8A7/Root/Payload/Gamenote.app'>
2026-06-20 13:03:05 +0000 [MT] Processing step: IDEDistributionCreateManifestStep
